.\.venv\Scripts\python : C:\Users\mansi\Desktop\Label-Doctor\ingredient-scanner
-main\.venv\Lib\site-packages\requests\__init__.py:113: 
RequestsDependencyWarning: urllib3 (2.6.3) or chardet 
(7.1.0)/charset_normalizer (3.4.5) doesn't match a supported version!
At line:1 char:1
+ .\.venv\Scripts\python test_direct_scan.py > test_output.log 2>&1; ty ...
+ ~~~~~~~~~~~~~~~~~~~~~~~~~~~~~~~~~~~~~~~~~~~~~~~~~~~~~~~~~~~~~~~~~
    + CategoryInfo          : NotSpecified: (C:\Users\mansi\...ported version! 
   :String) [], RemoteException
    + FullyQualifiedErrorId : NativeCommandError
 
  warnings.warn(
Traceback (most recent call last):
[TEST] Importing app_api...
[INFO] Using local OCR engines (PaddleOCR/EasyOCR)
  File "C:\Users\mansi\Desktop\Label-Doctor\ingredient-scanner-main\test_direct
_scan.py", line 19, in <module>
    from app_api import ocr, initialize_ocr, EasyOCRWrapper
  File 
"C:\Users\mansi\Desktop\Label-Doctor\ingredient-scanner-main\app_api.py", line 
102, in <module>
    from ner_processor import IngredientNERProcessor, NER_AVAILABLE, 
ner_processor
  File "C:\Users\mansi\Desktop\Label-Doctor\ingredient-scanner-main\ner_process
or.py", line 17, in <module>
    print("\u2713 spaCy model 'en_core_web_sm' loaded successfully")
  File "C:\Users\mansi\AppData\Local\Programs\Python\Python312\Lib\encodings\cp
1252.py", line 19, in encode
    return codecs.charmap_encode(input,self.errors,encoding_table)[0]
           ^^^^^^^^^^^^^^^^^^^^^^^^^^^^^^^^^^^^^^^^^^^^^^^^^^^^^^^
UnicodeEncodeError: 'charmap' codec can't encode character '\u2713' in 
position 0: character maps to <undefined>
