[STARTUP] OpenCV version: None
[STARTUP] OpenCV library: N/A
python : Traceback (most recent call last):
At line:1 char:1
+ python test_routes.py 2>&1 > test_output.txt; Get-Content test_output ...
+ ~~~~~~~~~~~~~~~~~~~~~~~~~~~~~~~~~~~~~~~~~~~~
    + CategoryInfo          : NotSpecified: (Traceback (most recent call last) 
   ::String) [], RemoteException
    + FullyQualifiedErrorId : NativeCommandError
 
  File 
"C:\Users\mansi\Desktop\Label-Doctor\ingredient-scanner-main\test_routes.py", 
line 2, in <module>
    from app_api import app
  File 
"C:\Users\mansi\Desktop\Label-Doctor\ingredient-scanner-main\app_api.py", line 
24, in <module>
    print("[STARTUP] Applied Pillow 10.0+ compatibility fix (ANTIALIAS \u2192 
LANCZOS)")
  File "C:\Users\mansi\AppData\Local\Programs\Python\Python312\Lib\encodings\cp
1252.py", line 19, in encode
    return codecs.charmap_encode(input,self.errors,encoding_table)[0]
           ^^^^^^^^^^^^^^^^^^^^^^^^^^^^^^^^^^^^^^^^^^^^^^^^^^^^^^^
UnicodeEncodeError: 'charmap' codec can't encode character '\u2192' in 
position 60: character maps to <undefined>
